Camilo@LAPTOP-HG3SE18Q MINGW64 /g/Mi unidad/Geología/Maestría Geofísica/Fundamentos de geofísica/Primer Entregable
$ grdinfo earthrelief3m.grd
earthrelief3m.grd: Title: 
earthrelief3m.grd: Command: gmt grdcut @earth_relief_03m_g/ -Gearthrelief3m.grd -R-180/180/-90/90
earthrelief3m.grd: Remark: 
earthrelief3m.grd: Gridline node registration used [Geographic grid]
earthrelief3m.grd: Grid file format: nf = GMT netCDF format (32-bit float), CF-1.7
earthrelief3m.grd: x_min: -180 x_max: 180 x_inc: 0.05 (3 min) name: longitude n_columns: 7201
earthrelief3m.grd: y_min: -90 y_max: 90 y_inc: 0.05 (3 min) name: latitude n_rows: 3601
earthrelief3m.grd: v_min: -10764.5 v_max: 7621.5 name: z
earthrelief3m.grd: scale_factor: 1 add_offset: 0
earthrelief3m.grd: format: netCDF-4 chunk_size: 129,129 shuffle: on deflation_level: 3
earthrelief3m.grd: Default CPT: geo

Camilo@LAPTOP-HG3SE18Q MINGW64 /g/Mi unidad/Geología/Maestría Geofísica/Fundamentos de geofísica/Primer Entregable
$ gmt grdcut @earth_faa_03m_g -Gearthfaa3m.grd -R-180/180/-90/90

Camilo@LAPTOP-HG3SE18Q MINGW64 /g/Mi unidad/Geología/Maestría Geofísica/Fundamentos de geofísica/Primer Entregable
$ gmt grdcut @earth_faa_03m_g -Gearthmag3m.grd -R-180/180/-90/90

Camilo@LAPTOP-HG3SE18Q MINGW64 /g/Mi unidad/Geología/Maestría Geofísica/Fundamentos de geofísica/Primer Entregable
$  gmt grdcut @earth_mag_03m_g -Gearthmag23m.grd -R-180/180/-90/90/

Camilo@LAPTOP-HG3SE18Q MINGW64 /g/Mi unidad/Geología/Maestría Geofísica/Fundamentos de geofísica/Primer Entregable
$ set Map1=earthrelief3m.grd

Camilo@LAPTOP-HG3SE18Q MINGW64 /g/Mi unidad/Geología/Maestría Geofísica/Fundamentos de geofísica/Primer Entregable
$ set Map2=earthfaa3m.grd

Camilo@LAPTOP-HG3SE18Q MINGW64 /g/Mi unidad/Geología/Maestría Geofísica/Fundamentos de geofísica/Primer Entregable
$ set Map3=earthmag3m.grd

Camilo@LAPTOP-HG3SE18Q MINGW64 /g/Mi unidad/Geología/Maestría Geofísica/Fundamentos de geofísica/Primer Entregable
$ set Map4=earthmag23m.grd

Camilo@LAPTOP-HG3SE18Q MINGW64 /g/Mi unidad/Geología/Maestría Geofísica/Fundamentos de geofísica/Primer Entregable
$ gmt makecpt -CDEM.cpt -T-10764.5/7621.5/100 -Z >Topo.cpt
makecpt [ERROR]: GMT_Read_Data: File not found: DEM.cpt

Camilo@LAPTOP-HG3SE18Q MINGW64 /g/Mi unidad/Geología/Maestría Geofísica/Fundamentos de geofísica/Primer Entregable
$ gmt makecpt -CDEM1.cpt -T-10764.5/7621.5/100 -Z >Topo.cpt
makecpt [ERROR]: GMT_Read_Data: File not found: DEM1.cpt

Camilo@LAPTOP-HG3SE18Q MINGW64 /g/Mi unidad/Geología/Maestría Geofísica/Fundamentos de geofísica/Primer Entregable
$ gmt makecpt -Cdem1.cpt -T-10764.5/7621.5/100 -Z >Topo.cpt
makecpt [ERROR]: GMT_Read_Data: File not found: dem1.cpt

Camilo@LAPTOP-HG3SE18Q MINGW64 /g/Mi unidad/Geología/Maestría Geofísica/Fundamentos de geofísica/Primer Entregable
$ gmt makecpt -cdem1 -T-10764.5/7621.5/100 -Z >Topo.cpt
makecpt [ERROR]: Unrecognized option -c

Camilo@LAPTOP-HG3SE18Q MINGW64 /g/Mi unidad/Geología/Maestría Geofísica/Fundamentos de geofísica/Primer Entregable
$ gmt makecpt -Cdem1 -T-10764.5/7621.5/100 -Z >Topo.cpt

Camilo@LAPTOP-HG3SE18Q MINGW64 /g/Mi unidad/Geología/Maestría Geofísica/Fundamentos de geofísica/Primer Entregable
$ gmt makecpt -Cdem1 -T-11000,-10000,-9000,-8000,-5000,-2000,-100,0,100,1000,2000,3000,4000,5000,6000 -Z >Topo2.cpt

Camilo@LAPTOP-HG3SE18Q MINGW64 /g/Mi unidad/Geología/Maestría Geofísica/Fundamentos de geofísica/Primer Entregable
$ gmt grd2cpt %Map1% -Cdem1 > Mydata.cpt
grd2cpt [ERROR]: Cannot find file %Map1%

Camilo@LAPTOP-HG3SE18Q MINGW64 /g/Mi unidad/Geología/Maestría Geofísica/Fundamentos de geofísica/Primer Entregable
$ echo %Map1%
%Map1%

Camilo@LAPTOP-HG3SE18Q MINGW64 /g/Mi unidad/Geología/Maestría Geofísica/Fundamentos de geofísica/Primer Entregable
$ Set Map1=earthrelief3m.grd
bash: Set: command not found

Camilo@LAPTOP-HG3SE18Q MINGW64 /g/Mi unidad/Geología/Maestría Geofísica/Fundamentos de geofísica/Primer Entregable
$ set Map1=earthrelief3m.grd

Camilo@LAPTOP-HG3SE18Q MINGW64 /g/Mi unidad/Geología/Maestría Geofísica/Fundamentos de geofísica/Primer Entregable
$ echo %Map1%
%Map1%

Camilo@LAPTOP-HG3SE18Q MINGW64 /g/Mi unidad/Geología/Maestría Geofísica/Fundamentos de geofísica/Primer Entregable
$  gmt grd2cpt %earthrelief3m.grd% -Cdem1 > Mydata.cpt
grd2cpt [ERROR]: Cannot find file %earthrelief3m.grd%

Camilo@LAPTOP-HG3SE18Q MINGW64 /g/Mi unidad/Geología/Maestría Geofísica/Fundamentos de geofísica/Primer Entregable
$ gmt grd2cpt %earthrelief3m.grd% -Cdem1 > Mydata.cpt
grd2cpt [ERROR]: Cannot find file %earthrelief3m.grd%

Camilo@LAPTOP-HG3SE18Q MINGW64 /g/Mi unidad/Geología/Maestría Geofísica/Fundamentos de geofísica/Primer Entregable
$ dir
earthfaa3m.grd  earthmag23m.grd  earthmag3m.grd  earthrelief3m.grd  entregable.sh  gmt.history  Topo.cpt  Topo2.cpt

Camilo@LAPTOP-HG3SE18Q MINGW64 /g/Mi unidad/Geología/Maestría Geofísica/Fundamentos de geofísica/Primer Entregable
$ set Map1=earthrelief3m.grd

Camilo@LAPTOP-HG3SE18Q MINGW64 /g/Mi unidad/Geología/Maestría Geofísica/Fundamentos de geofísica/Primer Entregable
$ echo %Map1%
%Map1%

Camilo@LAPTOP-HG3SE18Q MINGW64 /g/Mi unidad/Geología/Maestría Geofísica/Fundamentos de geofísica/Primer Entregable
$ Map1=earthrelief3m.grd

Camilo@LAPTOP-HG3SE18Q MINGW64 /g/Mi unidad/Geología/Maestría Geofísica/Fundamentos de geofísica/Primer Entregable
$ echo $Map1
earthrelief3m.grd

Camilo@LAPTOP-HG3SE18Q MINGW64 /g/Mi unidad/Geología/Maestría Geofísica/Fundamentos de geofísica/Primer Entregable
$ grd2cpt Map1 -Cdem1 > Mydata.cpt
grd2cpt [ERROR]: Cannot find file Map1

Camilo@LAPTOP-HG3SE18Q MINGW64 /g/Mi unidad/Geología/Maestría Geofísica/Fundamentos de geofísica/Primer Entregable
$ grd2cpt $Map1 -Cdem1 > Mydata.cpt

Camilo@LAPTOP-HG3SE18Q MINGW64 /g/Mi unidad/Geología/Maestría Geofísica/Fundamentos de geofísica/Primer Entregable
$